exports[`test renders correctly 1`] = `"My rendered String changed"`;
